---
source: src/model/reverse_dependencies/tests/mod.rs
expression: reverse_dependencies

---
Ok(
    [
        ReverseDependency {
            download_path: "/api/v1/crates/tesseract/0.9.0/download",
        },
        ReverseDependency {
            download_path: "/api/v1/crates/tesseract-plumbing/0.5.1/download",
        },
    ],
)
