---
source: src/model/reverse_dependencies/tests/mod.rs
expression: reverse_dependencies

---
Ok(
    [
        ReverseDependency {
            name: "tesseract",
            version: "0.9.0",
        },
        ReverseDependency {
            name: "tesseract-plumbing",
            version: "0.5.1",
        },
    ],
)
