---
source: src/model/reverse_dependencies/reverse_dependency/tests/mod.rs
expression: reverse_dependencies

---
Ok(
    [
        ReverseDependency {
            name: "tesseract",
            version: "0.9.0",
            version_required: "^0.5.3",
        },
        ReverseDependency {
            name: "tesseract-plumbing",
            version: "0.5.1",
            version_required: "^0.5.5",
        },
    ],
)
